[Acapella250] 1/250: James Brown Funky President (People It's Bad)
[Search] Scraping YouTube (no Search API quota) for: James Brown Funky President (People It's Bad) (acapella OR "a cappella" OR "voca...
[Acapella250] 2/250: James Brown Super Bad (Pt. 1 & 2)
[Search] Scraping YouTube (no Search API quota) for: James Brown Super Bad (Pt. 1 & 2) (acapella OR "a cappella" OR "vocals only")...
[Acapella250] 3/250: James Brown Soul Power
[Search] Scraping YouTube (no Search API quota) for: James Brown Soul Power (acapella OR "a cappella" OR "vocals only")...
[Acapella250] 4/250: Lyn Collins Think (About It)
[Search] Scraping YouTube (no Search API quota) for: Lyn Collins Think (About It) (acapella OR "a cappella" OR "vocals only")...
[Acapella250] 5/250: Lyn Collins Rock Me Again & Again
[Search] Scraping YouTube (no Search API quota) for: Lyn Collins Rock Me Again & Again (acapella OR "a cappella" OR "vocals only")...
[Acapella250] 6/250: Lyn Collins We're Gonna Make It
[Search] Scraping YouTube (no Search API quota) for: Lyn Collins We're Gonna Make It (acapella OR "a cappella" OR "vocals only")...
[Acapella250] 7/250: Syl Johnson Is It Because I'm Black
[Search] Scraping YouTube (no Search API quota) for: Syl Johnson Is It Because I'm Black (acapella OR "a cappella" OR "vocals only")...
[Acapella250] 8/250: Syl Johnson Different Strokes
[Search] Scraping YouTube (no Search API quota) for: Syl Johnson Different Strokes (acapella OR "a cappella" OR "vocals only")...
[Acapella250] 9/250: Syl Johnson Take Me to the River
[Search] Scraping YouTube (no Search API quota) for: Syl Johnson Take Me to the River (acapella OR "a cappella" OR "vocals only")...
[Acapella250] 10/250: The Charmels As Long as I've Got You
[Search] Scraping YouTube (no Search API quota) for: The Charmels As Long as I've Got You (acapella OR "a cappella" OR "vocals only")...
[Acapella250] 11/250: Rotary Connection Memory Band
[Search] Scraping YouTube (no Search API quota) for: Rotary Connection Memory Band (acapella OR "a cappella" OR "vocals only")...
[Acapella250] 12/250: Rotary Connection Rotary Connection
[Search] Scraping YouTube (no Search API quota) for: Rotary Connection Rotary Connection (acapella OR "a cappella" OR "vocals only")...
[Acapella250] 13/250: Minnie Riperton Les Fleurs
[Search] Scraping YouTube (no Search API quota) for: Minnie Riperton Les Fleurs (acapella OR "a cappella" OR "vocals only")...
[Acapella250] 14/250: Minnie Riperton Come to My Garden
[Search] Scraping YouTube (no Search API quota) for: Minnie Riperton Come to My Garden (acapella OR "a cappella" OR "vocals only")...
[Acapella250] 15/250: Minnie Riperton Completeness
[Search] Scraping YouTube (no Search API quota) for: Minnie Riperton Completeness (acapella OR "a cappella" OR "vocals only")...
[Acapella250] 16/250: Soul Children Hearsay
[Search] Scraping YouTube (no Search API quota) for: Soul Children Hearsay (acapella OR "a cappella" OR "vocals only")...
[Acapella250] 17/250: Soul Children I'll Be the Other Woman
[Search] Scraping YouTube (no Search API quota) for: Soul Children I'll Be the Other Woman (acapella OR "a cappella" OR "vocals only"...
[Acapella250] 18/250: Soul Children Don't Take My Sunshine
[Search] Scraping YouTube (no Search API quota) for: Soul Children Don't Take My Sunshine (acapella OR "a cappella" OR "vocals only")...
[Acapella250] 19/250: Cymande Bra
[Search] Scraping YouTube (no Search API quota) for: Cymande Bra (acapella OR "a cappella" OR "vocals only")...
[Acapella250] 20/250: Cymande The Message
[Search] Scraping YouTube (no Search API quota) for: Cymande The Message (acapella OR "a cappella" OR "vocals only")...
[Acapella250] 21/250: Cymande Fug
[Search] Scraping YouTube (no Search API quota) for: Cymande Fug (acapella OR "a cappella" OR "vocals only")...
[Acapella250] 22/250: Leon Haywood I Want'a Do Something Freaky to You
[Search] Scraping YouTube (no Search API quota) for: Leon Haywood I Want'a Do Something Freaky to You (acapella OR "a cappella" OR "v...
[Acapella250] 23/250: Leon Haywood She's a Bad Mama Jama
[Search] Scraping YouTube (no Search API quota) for: Leon Haywood She's a Bad Mama Jama (acapella OR "a cappella" OR "vocals only")...
[Acapella250] 24/250: Leon Haywood Come and Get Yourself Some
[Search] Scraping YouTube (no Search API quota) for: Leon Haywood Come and Get Yourself Some (acapella OR "a cappella" OR "vocals onl...
[Acapella250] 25/250: Doris Duke To the Other Woman
[Search] Scraping YouTube (no Search API quota) for: Doris Duke To the Other Woman (acapella OR "a cappella" OR "vocals only")...
